// Jest Snapshot v1, https://goo.gl/fbAQLP

exports[`<ProtectedRouteContainer /> should render correctly 1`] = `[Function]`;
