// Jest Snapshot v1, https://goo.gl/fbAQLP

exports[`snapshot 1`] = `
<iframe
  allowfullscreen=""
  class="IFrame__Iframe-sc-81s4bd-0 jokWXi"
  frameborder="0"
  src="https://www.medmen.com/"
  title="/"
/>
`;
